******************************************************************************
                  TI ARM Linker Unix v20.2.7                   
******************************************************************************
>> Linked Mon Nov 20 20:39:28 2023

OUTPUT FILE NAME:   <HVAC_TRES_HILOS_OBJ_MACM.out>
ENTRY POINT SYMBOL: "_c_int00"  address: 00008089


MEMORY CONFIGURATION

         name            origin    length      used     unused   attr    fill
----------------------  --------  ---------  --------  --------  ----  --------
  MAIN                  00000000   00040000  0000aae0  00035520  R  X
  INFO                  00200000   00004000  00000000  00004000  R  X
  SRAM_CODE             01000000   00010000  0000560e  0000a9f2  RW X
  SRAM_DATA             20000000   00010000  0000560e  0000a9f2  RW  


SEGMENT ALLOCATION MAP

run origin  load origin   length   init length attrs members
----------  ----------- ---------- ----------- ----- -------
00000000    00000000    0000aae8   0000aae8    r-x
  00000000    00000000    0000003c   0000003c    r-- .resetVecs
  00000040    00000040    0000a1c2   0000a1c2    r-x .text
  0000a204    0000a204    0000064a   0000064a    r-- .const
  0000a850    0000a850    00000298   00000298    r-- .cinit
20000140    20000140    00000a88   00000000    rw-
  20000140    20000140    00000a88   00000000    rw- .data
20001000    20001000    000000e8   00000000    rw-
  20001000    20001000    000000e8   00000000    rw- .vtable
200010e8    200010e8    00004000   00000000    r--
  200010e8    200010e8    00004000   00000000    r-- .priheap
200050e8    200050e8    0000055e   00000000    rw-
  200050e8    200050e8    0000055e   00000000    rw- .bss
2000fc00    2000fc00    00000400   00000000    rw-
  2000fc00    2000fc00    00000400   00000000    rw- .stack


SECTION ALLOCATION MAP

 output                                  attributes/
section   page    origin      length       input sections
--------  ----  ----------  ----------   ----------------
.text      0    00000040    0000a1c2     
                  00000040    00000a4e     rtsv7M4_T_le_v4SPD16_eabi.lib : _printfi.c.obj (.text:__TI_printfi)
                  00000a8e    00000002     system_msp432p401r.obj (.text:Power_idleFunc)
                  00000a90    00000940     gpio_f_MSP432.obj (.text:gpio_ioctl)
                  000013d0    000006f4     gpio_f_MSP432.obj (.text:gpio_cpu_open)
                  00001ac4    0000049c     adc_f_MSP432.obj (.text:adc_hw_channel_init)
                  00001f60    00000438     timer_f_msp432.obj (.text:Timer_Handler)
                  00002398    00000388     adc_f_MSP432.obj (.text:adc_trigger)
                  00002720    0000028a     msp432p4xx_driverlib.lib : pcm.o (.text:__PCM_setPowerStateAdvanced)
                  000029aa    00000002     rtsv7M4_T_le_v4SPD16_eabi.lib : _lock.c.obj (.text:_nop)
                  000029ac    00000270                                   : _printfi.c.obj (.text:_pconv_a)
                  00002c1c    0000025c     timer_f_msp432.obj (.text:timer_open)
                  00002e78    00000228     adc_f_MSP432.obj (.text:adc_open)
                  000030a0    000001fc     HVAC_IO.obj (.text:HVAC_ActualizarEntradas)
                  0000329c    000001d0     rtsv7M4_T_le_v4SPD16_eabi.lib : _printfi.c.obj (.text:_pconv_g)
                  0000346c    000001b6                                   : fd_add_t2.asm.obj (.text)
                  00003622    00000002                                   : div0.asm.obj (.text)
                  00003624    000001b4     gpio_f_MSP432.obj (.text:gpio_open)
                  000037d8    00000180     rtsv7M4_T_le_v4SPD16_eabi.lib : fwrite.c.obj (.text:fwrite)
                  00003958    0000017c     timer_f_msp432.obj (.text:timer_read)
                  00003ad4    0000015c     msp432p4xx_driverlib.lib : pcm.o (.text:__PCM_setPowerModeAdvanced)
                  00003c30    00000158     HVAC_IO.obj (.text:HVAC_PrintState)
                  00003d88    0000013c     rtsv7M4_T_le_v4SPD16_eabi.lib : _printfi.c.obj (.text:_pconv_e)
                  00003ec4    00000136                                   : fd_div_t2.asm.obj (.text)
                  00003ffa    00000004     msp432p4xx_driverlib.lib : cpu.o (.text:CPU_wfi)
                  00003ffe    00000002     release_pem4f.oem4f (.text:ti_sysbios_BIOS_nullFunc__I)
                  00004000    00000130     sysbios.aem4f : BIOS.obj (.text:ti_sysbios_knl_Semaphore_pend__E)
                  00004130    00000124     rtsv7M4_T_le_v4SPD16_eabi.lib : _printfi.c.obj (.text:fcvt)
                  00004254    00000114     Files.obj (.text:fopen_f)
                  00004368    00000110     rtsv7M4_T_le_v4SPD16_eabi.lib : fopen.c.obj (.text:_openfile)
                  00004478    00000110                                   : s_scalbn.c.obj (.text:scalbn)
                  00004588    00000108     msp432p4xx_driverlib.lib : pcm.o (.text:__PCM_setCoreVoltageLevelAdvanced)
                  00004690    00000108     sysbios.aem4f : BIOS.obj (.text:ti_sysbios_knl_Task_postInit__I)
                  00004798    00000108                   : BIOS.obj (.text:xdc_runtime_Startup_startMods__I)
                  000048a0    00000104                   : BIOS.obj (.text:ti_sysbios_knl_Task_Instance_finalize__E)
                  000049a4    00000100     adc_f_MSP432.obj (.text:adc_stop)
                  00004aa4    000000fc     rtsv7M4_T_le_v4SPD16_eabi.lib : fd_mul_t2.asm.obj (.text)
                  00004ba0    000000f8                                   : fread.c.obj (.text:fread)
                  00004c98    000000f8     sysbios.aem4f : BIOS.obj (.text:ti_sysbios_family_arm_msp432_init_Boot_configureClocksHigh)
                  00004d90    000000f4     timer_f_msp432.obj (.text:timer_ioctl)
                  00004e84    000000f0     HVAC_IO.obj (.text:HVAC_Heartbeat)
                  00004f74    00000004     rtsv7M4_T_le_v4SPD16_eabi.lib : printf.c.obj (.text:_outc)
                  00004f78    000000f0     sysbios.aem4f : BIOS.obj (.text:pthread_create)
                  00005068    000000f0                   : m3_Hwi_asm.obj (.text:ti_sysbios_family_arm_m3_Hwi_dispatch__I)
                  00005158    000000ec     adc_f_MSP432.obj (.text:adc_resume)
                  00005244    000000ec     Threads.obj (.text:main)
                  00005330    000000e8     adc_f_MSP432.obj (.text:Timer32_Handler)
                  00005418    000000e0     sysbios.aem4f : BIOS.obj (.text:ti_sysbios_knl_Task_Instance_init__E)
                  000054f8    000000dc     rtsv7M4_T_le_v4SPD16_eabi.lib : setvbuf.c.obj (.text:setvbuf)
                  000055d4    000000d4     int_MSP432.obj (.text:Int_enable)
                  000056a8    000000d4     adc_f_MSP432.obj (.text:adc_pause)
                  0000577c    00000004     rtsv7M4_T_le_v4SPD16_eabi.lib : printf.c.obj (.text:_outs)
                  00005780    000000d0     sysbios.aem4f : BIOS.obj (.text:ti_sysbios_heaps_HeapMem_alloc__E)
                  00005850    000000c8     system_msp432p401r.obj (.text:SystemInit)
                  00005918    000000c4     sysbios.aem4f : BIOS.obj (.text:ti_sysbios_knl_Task_sleep__E)
                  000059dc    000000be     HVAC_Threads.obj (.text:Entradas_Thread)
                  00005a9a    00000002     --HOLE-- [fill = 0]
                  00005a9c    000000bc     uart_f_MSP432.obj (.text:UART_set_location_pin)
                  00005b58    000000bc     rtsv7M4_T_le_v4SPD16_eabi.lib : open.c.obj (.text:open)
                  00005c14    000000b8     int_MSP432.obj (.text:Int_clear_gpio_flags)
                  00005ccc    000000b4     uart_f_MSP432.obj (.text:uart_hw_init)
                  00005d80    000000b1     rtsv7M4_T_le_v4SPD16_eabi.lib : _printfi.c.obj (.text:_ltostr)
                  00005e31    00000003     --HOLE-- [fill = 0]
                  00005e34    000000aa     adc_f_MSP432.obj (.text:adc_ioctl)
                  00005ede    00000002     --HOLE-- [fill = 0]
                  00005ee0    000000aa     sysbios.aem4f : BIOS.obj (.text:xdc_runtime_Core_createObject__I)
                  00005f8a    00000002     --HOLE-- [fill = 0]
                  00005f8c    000000a8     HVAC_IO.obj (.text:HVAC_ActualizarSalidas)
                  00006034    00000004     rtsv7M4_T_le_v4SPD16_eabi.lib : exit.c.obj (.text:abort:abort)
                  00006038    000000a8     sysbios.aem4f : BIOS.obj (.text:ti_sysbios_family_arm_msp432_Timer_periodicStub__E)
                  000060e0    000000a8     uart_f_MSP432.obj (.text:uart_open)
                  00006188    000000a4     sysbios.aem4f : BIOS.obj (.text:ti_sysbios_knl_Task_setPri__E)
                  0000622c    000000a0     auto_init.aem4f : auto_init.oem4f (.text)
                  000062cc    0000009c     rtsv7M4_T_le_v4SPD16_eabi.lib : _bufread.c.obj (.text:__TI_buff_read)
                  00006368    0000009c                                   : fopen.c.obj (.text:fopen)
                  00006404    0000009c                                   : memcpy_t2.asm.obj (.text)
                  000064a0    00000098     HVAC_IO.obj (.text:HVAC_InicialiceIO)
                  00006538    00000096     rtsv7M4_T_le_v4SPD16_eabi.lib : ull_div_t2.asm.obj (.text)
                  000065ce    00000002     --HOLE-- [fill = 0]
                  000065d0    00000094     sysbios.aem4f : BIOS.obj (.text:_pthread_removeThreadKeys)
                  00006664    00000004     release_pem4f.oem4f (.text:ti_sysbios_family_arm_m3_TaskSupport_Module__startupDone__S)
                  00006668    00000094     sysbios.aem4f : BIOS.obj (.text:ti_sysbios_family_arm_m3_Hwi_initNVIC__E)
                  000066fc    00000004     --HOLE-- [fill = 0]
                  00006700    00000094                   : BIOS.obj (.text:ti_sysbios_knl_Task_exit__E)
                  00006794    00000090     adc_f_MSP432.obj (.text:adc_close)
                  00006824    00000004     --HOLE-- [fill = 0]
                  00006828    00000090     sysbios.aem4f : BIOS.obj (.text:ti_sysbios_knl_Task_Module_startup__E)
                  000068b8    0000008c     gpio_f_MSP432.obj (.text:gpio_close)
                  00006944    0000008c     sysbios.aem4f : m3_TaskSupport_asm.obj (.text:ti_sysbios_family_arm_m3_TaskSupport_buildTaskStack)
                  000069d0    0000008c                   : BIOS.obj (.text:xdc_runtime_Memory_alloc__E)
                  00006a5c    00000088     adc_f_MSP432.obj (.text:adc_temperature)
                  00006ae4    00000086     rtsv7M4_T_le_v4SPD16_eabi.lib : fd_cmp_t2.asm.obj (.text:__aeabi_cdcmple)
                  00006b6a    00000086                                   : fd_cmp_t2.asm.obj (.text:__aeabi_cdrcmple)
                  00006bf0    00000086     sysbios.aem4f : BIOS.obj (.text:xdc_runtime_Core_constructObject__I)
                  00006c76    00000002     --HOLE-- [fill = 0]
                  00006c78    00000084     msp432p4xx_driverlib.lib : pcm.o (.text:PCM_gotoLPM3)
                  00006cfc    00000084     adc_f_MSP432.obj (.text:adc_hw_init)
                  00006d80    00000084     sysbios.aem4f : BIOS.obj (.text:ti_sysbios_family_arm_m3_Hwi_postInit__I)
                  00006e04    00000004     --HOLE-- [fill = 0]
                  00006e08    00000084                   : BIOS.obj (.text:ti_sysbios_heaps_HeapMem_free__E)
                  00006e8c    00000084     timer_f_msp432.obj (.text:timer_close)
                  00006f10    00000080     int_MSP432.obj (.text:Int_enableInterrupt)
                  00006f90    00000080     sysbios.aem4f : BIOS.obj (.text:ti_sysbios_knl_Clock_workFunc__E)
                  00007010    0000007a     rtsv7M4_T_le_v4SPD16_eabi.lib : memset_t2.asm.obj (.text)
                  0000708a    00000078     Files.obj (.text:ioctl)
                  00007102    00000002     --HOLE-- [fill = 0]
                  00007104    00000074     adc_f_MSP432.obj (.text:ADC14_IRQHandler)
                  00007178    00000074     HVAC_IO.obj (.text:HVAC_Cool)
                  000071ec    00000074     HVAC_IO.obj (.text:HVAC_Heat)
                  00007260    00000074     int_MSP432.obj (.text:Int_disable)
                  000072d4    00000074     rtsv7M4_T_le_v4SPD16_eabi.lib : fclose.c.obj (.text:__TI_closefile)
                  00007348    00000074     timer_f_msp432.obj (.text:clean_timer)
                  000073bc    00000070     HVAC_IO.obj (.text:HVAC_InicialiceADC)
                  0000742c    00000004     --HOLE-- [fill = 0]
                  00007430    00000070     sysbios.aem4f : BIOS.obj (.text:ti_sysbios_heaps_HeapMem_initPrimary__I)
                  000074a0    0000006e     rtsv7M4_T_le_v4SPD16_eabi.lib : _printfi.c.obj (.text:_mcpy)
                  0000750e    00000002     --HOLE-- [fill = 0]
                  00007510    0000006c                                   : hostrename.c.obj (.text:HOSTrename)
                  0000757c    00000004     --HOLE-- [fill = 0]
                  00007580    0000006c     sysbios.aem4f : BIOS.obj (.text:ti_sysbios_knl_Swi_restoreHwi__E)
                  000075ec    00000068     rtsv7M4_T_le_v4SPD16_eabi.lib : hostlseek.c.obj (.text:HOSTlseek)
                  00007654    00000068                                   : copy_decompress_lzss.c.obj (.text:decompress:lzss:__TI_decompress_lzss)
                  000076bc    00000068     Files.obj (.text:fread_f)
                  00007724    00000068     Files.obj (.text:gen_name_file)
                  0000778c    00000068     rtsv7M4_T_le_v4SPD16_eabi.lib : printf.c.obj (.text:printf)
                  000077f4    00000004     --HOLE-- [fill = 0]
                  000077f8    00000066     sysbios.aem4f : BIOS.obj (.text:xdc_runtime_Core_deleteObject__I)
                  0000785e    00000002     --HOLE-- [fill = 0]
                  00007860    00000064     rtsv7M4_T_le_v4SPD16_eabi.lib : s_frexp.c.obj (.text:frexp)
                  000078c4    00000064                                   : fseek.c.obj (.text:fseek)
                  00007928    00000064     sysbios.aem4f : BIOS.obj (.text:pthread_exit)
                  0000798c    00000004     --HOLE-- [fill = 0]
                  00007990    00000064                   : BIOS.obj (.text:ti_sysbios_family_arm_m3_Hwi_dispatchC__I)
                  000079f4    00000064     timer_f_msp432.obj (.text:timer_hw_init)
                  00007a58    00000062     rtsv7M4_T_le_v4SPD16_eabi.lib : _io_perm.c.obj (.text:__TI_wrt_ok)
                  00007aba    00000002     --HOLE-- [fill = 0]
                  00007abc    00000060                                   : hostopen.c.obj (.text:HOSTopen)
                  00007b1c    00000004     --HOLE-- [fill = 0]
                  00007b20    00000060     sysbios.aem4f : BIOS.obj (.text:ti_sysbios_knl_Semaphore_post__E)
                  00007b80    00000060                   : BIOS.obj (.text:ti_sysbios_knl_Swi_run__I)
                  00007be0    00000060     release_pem4f.oem4f (.text:ti_sysbios_knl_Task_create)
                  00007c40    0000005e     msp432p4xx_driverlib.lib : pcm.o (.text:PCM_getCoreVoltageLevel)
                  00007c9e    00000002     --HOLE-- [fill = 0]
                  00007ca0    0000005c     int_MSP432.obj (.text:Int_registerInterrupt)
                  00007cfc    0000005c     rtsv7M4_T_le_v4SPD16_eabi.lib : close.c.obj (.text:close)
                  00007d58    0000005c     sysbios.aem4f : BIOS.obj (.text:ti_sysbios_knl_Swi_schedule__I)
                  00007db4    00000004     --HOLE-- [fill = 0]
                  00007db8    0000005c                   : BIOS.obj (.text:ti_sysbios_knl_Task_startCore__E)
                  00007e14    00000004     --HOLE-- [fill = 0]
                  00007e18    0000005c                   : BIOS.obj (.text:xdc_runtime_Startup_exec__E)
                  00007e74    0000005a     msp432p4xx_driverlib.lib : pcm.o (.text:PCM_getPowerMode)
                  00007ece    00000002     --HOLE-- [fill = 0]
                  00007ed0    00000058     rtsv7M4_T_le_v4SPD16_eabi.lib : hostread.c.obj (.text:HOSTread)
                  00007f28    00000058                                   : hostwrite.c.obj (.text:HOSTwrite)
                  00007f80    00000058     uart_f_MSP432.obj (.text:UART_clck_source)
                  00007fd8    00000058     uart_f_MSP432.obj (.text:UART_set_baud_rate)
                  00008030    00000058     adc_f_MSP432.obj (.text:adc_read)
                  00008088    00000058     boot.aem4f : boot.oem4f (.text)
                  000080e0    00000058     sysbios.aem4f : m3_Hwi_asm_switch.obj (.text:ti_sysbios_family_arm_m3_Hwi_initStacks__E)
                  00008138    00000056     rtsv7M4_T_le_v4SPD16_eabi.lib : _printfi.c.obj (.text:_pconv_f)
                  0000818e    00000002     --HOLE-- [fill = 0]
                  00008190    00000054     msp432p4xx_driverlib.lib : pcm.o (.text:PCM_shutdownDevice)
                  000081e4    00000054     rtsv7M4_T_le_v4SPD16_eabi.lib : _ltoa.c.obj (.text:__TI_ltoa)
                  00008238    00000054     sysbios.aem4f : BIOS.obj (.text:ti_sysbios_family_arm_msp432_Timer_initDevice__I)
                  0000828c    00000052     rtsv7M4_T_le_v4SPD16_eabi.lib : _printfi.c.obj (.text:_ecpy)
                  000082de    00000002     --HOLE-- [fill = 0]
                  000082e0    00000050     sysbios.aem4f : BIOS.obj (.text:ti_sysbios_family_arm_m3_Hwi_Module_startup__E)
                  00008330    0000004c     rtsv7M4_T_le_v4SPD16_eabi.lib : fflush.c.obj (.text:__TI_doflush)
                  0000837c    0000004c                                   : atoi.c.obj (.text:atoi)
                  000083c8    0000004c                                   : cpy_tbl.c.obj (.text:copy_in)
                  00008414    00000004     --HOLE-- [fill = 0]
                  00008418    0000004c     sysbios.aem4f : BIOS.obj (.text:ti_sysbios_family_arm_msp432_Timer_postInit__I)
                  00008464    00000004     --HOLE-- [fill = 0]
                  00008468    0000004c                   : BIOS.obj (.text:ti_sysbios_family_arm_msp432_Timer_start__E)
                  000084b4    00000004     --HOLE-- [fill = 0]
                  000084b8    0000004c                   : BIOS.obj (.text:ti_sysbios_heaps_HeapMem_getStats__E)
                  00008504    00000004     --HOLE-- [fill = 0]
                  00008508    0000004c                   : BIOS.obj (.text:ti_sysbios_knl_Swi_runLoop__I)
                  00008554    00000004     --HOLE-- [fill = 0]
                  00008558    0000004c                   : BIOS.obj (.text:ti_sysbios_knl_Task_allBlockedFunction__I)
                  000085a4    00000004     --HOLE-- [fill = 0]
                  000085a8    0000004c                   : BIOS.obj (.text:ti_sysbios_knl_Task_schedule__I)
                  000085f4    0000004a     rtsv7M4_T_le_v4SPD16_eabi.lib : _io_perm.c.obj (.text:__TI_rd_ok)
                  0000863e    00000002     --HOLE-- [fill = 0]
                  00008640    00000048                                   : exit.c.obj (.text:exit)
                  00008688    00000048                                   : fd_toi_t2.asm.obj (.text)
                  000086d0    00000048     sysbios.aem4f : BIOS.obj (.text:ti_sysbios_family_arm_m3_Hwi_enableInterrupt__E)
                  00008718    00000048                   : BIOS.obj (.text:ti_sysbios_knl_Mailbox_Module_startup__E)
                  00008760    00000048                   : BIOS.obj (.text:xdc_runtime_Core_assignParams__I)
                  000087a8    00000044     rtsv7M4_T_le_v4SPD16_eabi.lib : hostclose.c.obj (.text:HOSTclose)
                  000087ec    00000044                                   : hostunlink.c.obj (.text:HOSTunlink)
                  00008830    00000044     HVAC_IO.obj (.text:HVAC_InicialiceUART)
                  00008874    00000044     uart_f_MSP432.obj (.text:fputs)
                  000088b8    00000044     rtsv7M4_T_le_v4SPD16_eabi.lib : getdevice.c.obj (.text:getdevice)
                  000088fc    00000004     --HOLE-- [fill = 0]
                  00008900    00000044     sysbios.aem4f : BIOS.obj (.text:ti_sysbios_family_arm_m3_Hwi_getStackInfo__E)
                  00008944    00000004     --HOLE-- [fill = 0]
                  00008948    00000044                   : BIOS.obj (.text:ti_sysbios_knl_Swi_post__E)
                  0000898c    00000044     release_pem4f.oem4f (.text:ti_sysbios_rts_MemAlloc_alloc)
                  000089d0    00000044     uart_f_MSP432.obj (.text:uart_ioctl)
                  00008a14    00000040     HVAC_IO.obj (.text:INT_SWI)
                  00008a54    00000040     rtsv7M4_T_le_v4SPD16_eabi.lib : sprintf.c.obj (.text:sprintf)
                  00008a94    00000004     --HOLE-- [fill = 0]
                  00008a98    00000040     sysbios.aem4f : BIOS.obj (.text:ti_sysbios_family_arm_msp432_Timer_Module_startup__E)
                  00008ad8    00000040                   : BIOS.obj (.text:ti_sysbios_family_arm_msp432_Timer_startup__E)
                  00008b18    00000040     release_pem4f.oem4f (.text:ti_sysbios_gates_GateHwi_Object__create__S)
                  00008b58    00000040     release_pem4f.oem4f (.text:ti_sysbios_gates_GateMutex_Object__create__S)
                  00008b98    00000040     sysbios.aem4f : BIOS.obj (.text:ti_sysbios_heaps_HeapMem_Instance_init__E)
                  00008bd8    00000040     release_pem4f.oem4f (.text:ti_sysbios_heaps_HeapMem_Object__create__S)
                  00008c18    0000003e     rtsv7M4_T_le_v4SPD16_eabi.lib : _printfi.c.obj (.text:_fcpy)
                  00008c56    00000002     --HOLE-- [fill = 0]
                  00008c58    0000003c     sysbios.aem4f : BIOS.obj (.text:ti_sysbios_family_arm_msp432_Seconds_Module_startup__E)
                  00008c94    00000004     --HOLE-- [fill = 0]
                  00008c98    0000003c                   : BIOS.obj (.text:ti_sysbios_knl_Swi_restore__E)
                  00008cd4    00000004     --HOLE-- [fill = 0]
                  00008cd8    0000003c                   : BIOS.obj (.text:usleep)
                  00008d14    00000038     rtsv7M4_T_le_v4SPD16_eabi.lib : trgmsg.c.obj (.text:__TI_writemsg)
                  00008d4c    00000038                                   : fs_tod_t2.asm.obj (.text)
                  00008d84    00000038     release_pem4f.oem4f (.text:ti_sysbios_knl_Clock_doTick__I)
                  00008dbc    00000004     --HOLE-- [fill = 0]
                  00008dc0    00000038     sysbios.aem4f : BIOS.obj (.text:xdc_runtime_System_atexit__E)
                  00008df8    00000036     rtsv7M4_T_le_v4SPD16_eabi.lib : strncpy.c.obj (.text:strncpy)
                  00008e2e    00000002     --HOLE-- [fill = 0]
                  00008e30    00000034     uart_f_MSP432.obj (.text:UART_set_parity)
                  00008e64    00000034     rtsv7M4_T_le_v4SPD16_eabi.lib : fopen.c.obj (.text:__TI_cleanup)
                  00008e98    00000034                                   : trgmsg.c.obj (.text:__TI_readmsg)
                  00008ecc    00000034     release_pem4f.oem4f (.text:ti_sysbios_knl_Semaphore_construct)
                  00008f00    00000032     sysbios.aem4f : BIOS.obj (.text:ti_sysbios_hal_Hwi_initStack)
                  00008f32    00000002     --HOLE-- [fill = 0]
                  00008f34    00000030     rtsv7M4_T_le_v4SPD16_eabi.lib : getdevice.c.obj (.text:finddevice)
                  00008f64    00000030     release_pem4f.oem4f (.text:ti_sysbios_BIOS_atExitFunc__I)
                  00008f94    00000030     release_pem4f.oem4f (.text:ti_sysbios_BIOS_rtsLock__I)
                  00008fc4    00000030     release_pem4f.oem4f (.text:ti_sysbios_BIOS_startFunc__I)
                  00008ff4    00000030     release_pem4f.oem4f (.text:ti_sysbios_family_arm_m3_Hwi_Object__get__S)
                  00009024    00000004     --HOLE-- [fill = 0]
                  00009028    00000030     sysbios.aem4f : BIOS.obj (.text:ti_sysbios_family_arm_m3_TaskSupport_start__E)
                  00009058    00000030                   : BIOS.obj (.text:ti_sysbios_gates_GateMutex_enter__E)
                  00009088    00000030     release_pem4f.oem4f (.text:ti_sysbios_heaps_HeapMem_Object__get__S)
                  000090b8    00000030     sysbios.aem4f : BIOS.obj (.text:ti_sysbios_knl_Mailbox_postInit__I)
                  000090e8    00000030     release_pem4f.oem4f (.text:ti_sysbios_knl_Queue_construct)
                  00009118    00000030     sysbios.aem4f : BIOS.obj (.text:ti_sysbios_knl_Semaphore_pendTimeout__I)
                  00009148    00000030     release_pem4f.oem4f (.text:ti_sysbios_knl_Swi_Object__get__S)
                  00009178    00000030     sysbios.aem4f : BIOS.obj (.text:ti_sysbios_knl_Task_processVitalTaskFlag__I)
                  000091a8    00000030                   : BIOS.obj (.text:ti_sysbios_knl_Task_restore__E)
                  000091d8    00000030                   : BIOS.obj (.text:ti_sysbios_knl_Task_unblockI__E)
                  00009208    00000030                   : BIOS.obj (.text:xdc_runtime_System_processAtExit__E)
                  00009238    0000002e                   : BIOS.obj (.text:pthread_setcancelstate)
                  00009266    0000002e     rtsv7M4_T_le_v4SPD16_eabi.lib : i_tofd_t2.asm.obj (.text)
                  00009294    0000002c     msp432p4xx_driverlib.lib : rtc_c.o (.text:RTC_C_holdClock)
                  000092c0    0000002c     sysbios.aem4f : BIOS.obj (.text:_pthread_cleanupFxn)
                  000092ec    00000004     --HOLE-- [fill = 0]
                  000092f0    0000002c                   : BIOS.obj (.text:_pthread_delete$43)
                  0000931c    0000002c     rtsv7M4_T_le_v4SPD16_eabi.lib : strncmp.c.obj (.text:strncmp)
                  00009348    0000002c     release_pem4f.oem4f (.text:ti_sysbios_BIOS_rtsUnlock__I)
                  00009374    0000002c     release_pem4f.oem4f (.text:ti_sysbios_gates_GateHwi_Handle__label__S)
                  000093a0    0000002c     release_pem4f.oem4f (.text:ti_sysbios_gates_GateMutex_Handle__label__S)
                  000093cc    0000002c     release_pem4f.oem4f (.text:ti_sysbios_heaps_HeapMem_Handle__label__S)
                  000093f8    0000002c     release_pem4f.oem4f (.text:ti_sysbios_knl_Semaphore_Params__init__S)
                  00009424    0000002c     release_pem4f.oem4f (.text:ti_sysbios_knl_Task_Object__get__S)
                  00009450    0000002c     release_pem4f.oem4f (.text:ti_sysbios_knl_Task_Params__init__S)
                  0000947c    0000002c     rtsv7M4_T_le_v4SPD16_eabi.lib : unlink.c.obj (.text:unlink)
                  000094a8    00000028     msp432p4xx_driverlib.lib : pcm.o (.text:PCM_gotoLPM0)
                  000094d0    00000028     uart_f_MSP432.obj (.text:fputc)
                  000094f8    00000028     release_pem4f.oem4f (.text:free)
                  00009520    00000028     rtsv7M4_T_le_v4SPD16_eabi.lib : lseek.c.obj (.text:lseek)
                  00009548    00000028                                   : read.c.obj (.text:read)
                  00009570    00000028     sysbios.aem4f : m3_Hwi_asm.obj (.text:ti_sysbios_family_arm_m3_Hwi_excHandlerAsm__I)
                  00009598    00000028     release_pem4f.oem4f (.text:ti_sysbios_gates_GateMutex_Object__delete__S)
                  000095c0    00000028     sysbios.aem4f : BIOS.obj (.text:ti_sysbios_knl_Clock_addI__E)
                  000095e8    00000028                   : BIOS.obj (.text:ti_sysbios_knl_Swi_Module_startup__E)
                  00009610    00000028     release_pem4f.oem4f (.text:ti_sysbios_knl_Task_Object__delete__S)
                  00009638    00000028     rtsv7M4_T_le_v4SPD16_eabi.lib : write.c.obj (.text:write)
                  00009660    00000026     sysbios.aem4f : m3_Hwi_asm.obj (.text:ti_sysbios_family_arm_m3_Hwi_pendSV__I)
                  00009686    00000002     --HOLE-- [fill = 0]
                  00009688    00000024     HVAC_IO.obj (.text:HVAC_SetPointDown)
                  000096ac    00000024     HVAC_IO.obj (.text:HVAC_SetPointUp)
                  000096d0    00000024     msp432p4xx_driverlib.lib : wdt_a.o (.text:WDT_A_holdTimer)
                  000096f4    00000004     --HOLE-- [fill = 0]
                  000096f8    00000024     sysbios.aem4f : BIOS.obj (.text:pthread_attr_init)
                  0000971c    00000024     release_pem4f.oem4f (.text:ti_sysbios_BIOS_registerRTSLock__I)
                  00009740    00000024     release_pem4f.oem4f (.text:ti_sysbios_gates_GateHwi_Object__delete__S)
                  00009764    00000024     release_pem4f.oem4f (.text:ti_sysbios_heaps_HeapMem_Object__delete__S)
                  00009788    00000024     sysbios.aem4f : BIOS.obj (.text:ti_sysbios_knl_Clock_Module_startup__E)
                  000097ac    00000004     --HOLE-- [fill = 0]
                  000097b0    00000024                   : BIOS.obj (.text:ti_sysbios_knl_Semaphore_Instance_init__E)
                  000097d4    00000004     --HOLE-- [fill = 0]
                  000097d8    00000024                   : BIOS.obj (.text:ti_sysbios_knl_Task_restoreHwi__E)
                  000097fc    00000004     --HOLE-- [fill = 0]
                  00009800    00000024                   : BIOS.obj (.text:xdc_runtime_Error_policyMin__E)
                  00009824    00000020     rtsv7M4_T_le_v4SPD16_eabi.lib : memchr.c.obj (.text:memchr)
                  00009844    00000020     release_pem4f.oem4f (.text:ti_sysbios_BIOS_removeRTSLock__I)
                  00009864    00000004     --HOLE-- [fill = 0]
                  00009868    00000020     sysbios.aem4f : BIOS.obj (.text:ti_sysbios_knl_Idle_run__E)
                  00009888    00000020     release_pem4f.oem4f (.text:ti_sysbios_knl_Mailbox_Object__get__S)
                  000098a8    00000020     release_pem4f.oem4f (.text:ti_sysbios_knl_Semaphore_destruct)
                  000098c8    00000020     release_pem4f.oem4f (.text:ti_sysbios_rts_ti_ReentSupport_getTlsAddr__I)
                  000098e8    00000020     uart_f_MSP432.obj (.text:uart_close)
                  00009908    00000020     release_pem4f.oem4f (.text:xdc_runtime_IHeap_alloc)
                  00009928    0000001e     rtsv7M4_T_le_v4SPD16_eabi.lib : strcat.c.obj (.text:strcat)
                  00009946    0000001e     sysbios.aem4f : m3_Hwi_asm_switch.obj (.text:ti_sysbios_family_xxx_Hwi_switchAndRunFunc)
                  00009964    0000001e     release_pem4f.oem4f (.text:ti_sysbios_knl_Task_SupportProxy_start__E)
                  00009982    0000001e     release_pem4f.oem4f (.text:xdc_runtime_Memory_HeapProxy_alloc__E)
                  000099a0    0000001c     rtsv7M4_T_le_v4SPD16_eabi.lib : memccpy.c.obj (.text:memccpy)
                  000099bc    0000001c     release_pem4f.oem4f (.text:ti_sysbios_family_arm_m3_Hwi_Module__startupDone__F)
                  000099d8    0000001c     sysbios.aem4f : BIOS.obj (.text:ti_sysbios_family_arm_m3_Hwi_excHandler__I)
                  000099f4    0000001c     release_pem4f.oem4f (.text:ti_sysbios_family_arm_msp432_Timer_Module__startupDone__F)
                  00009a10    0000001c     sysbios.aem4f : BIOS.obj (.text:ti_sysbios_gates_GateMutex_Instance_init__E)
                  00009a2c    0000001c     release_pem4f.oem4f (.text:ti_sysbios_knl_Queue_Object__get__S)
                  00009a48    0000001c     release_pem4f.oem4f (.text:ti_sysbios_knl_Queue_destruct)
                  00009a64    00000004     --HOLE-- [fill = 0]
                  00009a68    0000001c     sysbios.aem4f : BIOS.obj (.text:ti_sysbios_knl_Queue_put__E)
                  00009a84    00000004     --HOLE-- [fill = 0]
                  00009a88    0000001c                   : BIOS.obj (.text:ti_sysbios_knl_Task_enter__I)
                  00009aa4    00000004     --HOLE-- [fill = 0]
                  00009aa8    0000001c                   : BIOS.obj (.text:ti_sysbios_rts_ti_ReentSupport_getReent__F)
                  00009ac4    00000004     --HOLE-- [fill = 0]
                  00009ac8    0000001c                   : BIOS.obj (.text:xdc_runtime_Memory_valloc__E)
                  00009ae4    0000001c     release_pem4f.oem4f (.text:xdc_runtime_Startup_exec__I)
                  00009b00    0000001c     sysbios.aem4f : BIOS.obj (.text:xdc_runtime_System_abort__E)
                  00009b1c    0000001b     uart_f_MSP432.obj (.text:print)
                  00009b37    00000001     --HOLE-- [fill = 0]
                  00009b38    0000001a     rtsv7M4_T_le_v4SPD16_eabi.lib : s_copysign.c.obj (.text:copysign)
                  00009b52    0000001a     release_pem4f.oem4f (.text:xdc_runtime_IHeap_free)
                  00009b6c    00000018     release_pem4f.oem4f (.text:.bootCodeSection:ti_sysbios_family_arm_msp432_init_Boot_init__I)
                  00009b84    00000018     uart_f_MSP432.obj (.text:UART_B_char_IE)
                  00009b9c    00000018     uart_f_MSP432.obj (.text:UART_E_char_IE)
                  00009bb4    00000018     uart_f_MSP432.obj (.text:UART_data_bits)
                  00009bcc    00000018     uart_f_MSP432.obj (.text:UART_mode)
                  00009be4    00000018     uart_f_MSP432.obj (.text:UART_set_oversampling)
                  00009bfc    00000018     uart_f_MSP432.obj (.text:UART_set_stop_bits)
                  00009c14    00000018     uart_f_MSP432.obj (.text:UART_set_transmision_dir)
                  00009c2c    00000018     rtsv7M4_T_le_v4SPD16_eabi.lib : args_main.c.obj (.text:_args_main)
                  00009c44    00000018                                   : sprintf.c.obj (.text:_outs)
                  00009c5c    00000018                                   : strcmp.c.obj (.text:strcmp)
                  00009c74    00000018     sysbios.aem4f : m3_TaskSupport_asm.obj (.text:ti_sysbios_family_arm_m3_TaskSupport_swap__E)
                  00009c8c    00000004     --HOLE-- [fill = 0]
                  00009c90    00000018                   : BIOS.obj (.text:ti_sysbios_gates_GateMutex_leave__E)
                  00009ca8    00000018                   : BIOS.obj (.text:ti_sysbios_knl_Task_sleepTimeout__I)
                  00009cc0    00000018                   : BIOS.obj (.text:xdc_runtime_Error_init__E)
                  00009cd8    00000018                   : BIOS.obj (.text:xdc_runtime_System_exit__E)
                  00009cf0    00000016     HVAC_Threads.obj (.text:Salidas_Thread)
                  00009d06    00000016     rtsv7M4_T_le_v4SPD16_eabi.lib : strchr.c.obj (.text:strchr)
                  00009d1c    00000016     release_pem4f.oem4f (.text:ti_sysbios_BIOS_exitFunc__I)
                  00009d32    00000006     --HOLE-- [fill = 0]
                  00009d38    00000016     sysbios.aem4f : BIOS.obj (.text:ti_sysbios_knl_Task_unblock__E)
                  00009d4e    00000002     --HOLE-- [fill = 0]
                  00009d50    00000014     msp432p4xx_driverlib.lib : pcm.o (.text:PCM_getPowerState)
                  00009d64    00000004     --HOLE-- [fill = 0]
                  00009d68    00000014     sysbios.aem4f : BIOS.obj (.text:pthread_attr_setschedparam)
                  00009d7c    00000014     rtsv7M4_T_le_v4SPD16_eabi.lib : strcpy.c.obj (.text:strcpy)
                  00009d90    00000014                                   : strlen.c.obj (.text:strlen)
                  00009da4    00000004     --HOLE-- [fill = 0]
                  00009da8    00000014     sysbios.aem4f : BIOS.obj (.text:ti_sysbios_family_arm_m3_Hwi_switchFromBootStack__E)
                  00009dbc    00000014     release_pem4f.oem4f (.text:ti_sysbios_hal_Hwi_HwiProxy_getStackInfo__E)
                  00009dd0    00000014     release_pem4f.oem4f (.text:ti_sysbios_knl_Clock_Module_State_clockQ)
                  00009de4    00000014     release_pem4f.oem4f (.text:xdc_runtime_Memory_HeapProxy_free__E)
                  00009df8    00000012     sysbios.aem4f : BIOS.obj (.text:_pthread_cleanup_pop)
                  00009e0a    00000006     --HOLE-- [fill = 0]
                  00009e10    00000012                   : BIOS.obj (.text:_pthread_runStub$43)
                  00009e22    00000006     --HOLE-- [fill = 0]
                  00009e28    00000012                   : BIOS.obj (.text:ti_sysbios_hal_Hwi_Module_startup__E)
                  00009e3a    00000012     rtsv7M4_T_le_v4SPD16_eabi.lib : wcslen.c.obj (.text:wcslen)
                  00009e4c    00000010     msp432p4xx_driverlib.lib : pcm.o (.text:PCM_gotoLPM4)
                  00009e5c    00000010                              : pcm.o (.text:PCM_setPowerMode)
                  00009e6c    00000010                              : pcm.o (.text:PCM_setPowerState)
                  00009e7c    00000010     gpio_f_MSP432.obj (.text:gpio_read)
                  00009e8c    00000010     release_pem4f.oem4f (.text:ti_sysbios_BIOS_RtsGateProxy_leave__E)
                  00009e9c    00000004     --HOLE-- [fill = 0]
                  00009ea0    00000010     sysbios.aem4f : BIOS.obj (.text:ti_sysbios_BIOS_exit__E)
                  00009eb0    00000010                   : BIOS.obj (.text:ti_sysbios_BIOS_setThreadType__E)
                  00009ec0    00000010                   : BIOS.obj (.text:ti_sysbios_BIOS_start__E)
                  00009ed0    00000010                   : m3_TaskSupport_asm.obj (.text:ti_sysbios_family_arm_m3_TaskSupport_glue)
                  00009ee0    00000010                   : BIOS.obj (.text:ti_sysbios_family_arm_msp432_init_Boot_disableWatchdog)
                  00009ef0    00000010                   : BIOS.obj (.text:ti_sysbios_gates_GateMutex_Instance_finalize__E)
                  00009f00    00000010     release_pem4f.oem4f (.text:ti_sysbios_heaps_HeapMem_Module_GateProxy_leave__E)
                  00009f10    00000010     sysbios.aem4f : BIOS.obj (.text:ti_sysbios_knl_Semaphore_Instance_finalize__E)
                  00009f20    00000010                   : BIOS.obj (.text:ti_sysbios_knl_Swi_disable__E)
                  00009f30    00000010     release_pem4f.oem4f (.text:ti_sysbios_knl_Task_SupportProxy_swap__E)
                  00009f40    00000010     sysbios.aem4f : BIOS.obj (.text:ti_sysbios_knl_Task_disable__E)
                  00009f50    00000010     uart_f_MSP432.obj (.text:uart_read)
                  00009f60    00000010     sysbios.aem4f : BIOS.obj (.text:xdc_runtime_Gate_leaveSystem__E)
                  00009f70    00000010                   : BIOS.obj (.text:xdc_runtime_Memory_free__E)
                  00009f80    00000010                   : BIOS.obj (.text:xdc_runtime_SysCallback_abort__E)
                  00009f90    00000010                   : BIOS.obj (.text:xdc_runtime_SysCallback_exit__E)
                  00009fa0    00000010     release_pem4f.oem4f (.text:xdc_runtime_System_Module_GateProxy_leave__E)
                  00009fb0    0000000e     rtsv7M4_T_le_v4SPD16_eabi.lib : copy_decompress_none.c.obj (.text:decompress:none:__TI_decompress_none)
                  00009fbe    00000002     --HOLE-- [fill = 0]
                  00009fc0    0000000e     sysbios.aem4f : BIOS.obj (.text:pthread_attr_setdetachstate)
                  00009fce    00000002     --HOLE-- [fill = 0]
                  00009fd0    0000000e                   : BIOS.obj (.text:ti_sysbios_knl_Idle_loop__E)
                  00009fde    00000002     --HOLE-- [fill = 0]
                  00009fe0    0000000e                   : BIOS.obj (.text:ti_sysbios_knl_Queue_empty__E)
                  00009fee    00000002     --HOLE-- [fill = 0]
                  00009ff0    0000000c     rtsv7M4_T_le_v4SPD16_eabi.lib : _lock.c.obj (.text:_register_lock)
                  00009ffc    0000000c                                   : _lock.c.obj (.text:_register_unlock)
                  0000a008    0000000c                                   : copy_zero_init.c.obj (.text:decompress:ZI:__TI_zero_init)
                  0000a014    0000000c     release_pem4f.oem4f (.text:malloc)
                  0000a020    0000000c     sysbios.aem4f : BIOS.obj (.text:pthread_self)
                  0000a02c    0000000c     release_pem4f.oem4f (.text:ti_sysbios_BIOS_RtsGateProxy_enter__E)
                  0000a038    0000000c     sysbios.aem4f : BIOS.obj (.text:ti_sysbios_family_arm_m3_TaskSupport_getStackAlignment__E)
                  0000a044    00000004     --HOLE-- [fill = 0]
                  0000a048    0000000c                   : BIOS.obj (.text:ti_sysbios_family_arm_msp432_Timer_getMaxTicks__E)
                  0000a054    00000004     --HOLE-- [fill = 0]
                  0000a058    0000000c                   : BIOS.obj (.text:ti_sysbios_gates_GateHwi_enter__E)
                  0000a064    0000000c     release_pem4f.oem4f (.text:ti_sysbios_heaps_HeapMem_Module_GateProxy_enter__E)
                  0000a070    0000000c     release_pem4f.oem4f (.text:ti_sysbios_heaps_HeapMem_Module_GateProxy_query__E)
                  0000a07c    0000000c     release_pem4f.oem4f (.text:ti_sysbios_knl_Clock_TimerProxy_getMaxTicks__E)
                  0000a088    0000000c     release_pem4f.oem4f (.text:ti_sysbios_knl_Task_delete)
                  0000a094    00000004     --HOLE-- [fill = 0]
                  0000a098    0000000c     sysbios.aem4f : BIOS.obj (.text:ti_sysbios_knl_Task_self__E)
                  0000a0a4    00000004     --HOLE-- [fill = 0]
                  0000a0a8    0000000c                   : BIOS.obj (.text:ti_sysbios_rts_ti_ReentSupport_taskRegHook__I)
                  0000a0b4    00000004     --HOLE-- [fill = 0]
                  0000a0b8    0000000c                   : BIOS.obj (.text:xdc_runtime_Gate_enterSystem__E)
                  0000a0c4    00000004     --HOLE-- [fill = 0]
                  0000a0c8    0000000c                   : BIOS.obj (.text:xdc_runtime_Startup_rtsDone__E)
                  0000a0d4    0000000c     release_pem4f.oem4f (.text:xdc_runtime_System_Module_GateProxy_enter__E)
                  0000a0e0    0000000c     release_pem4f.oem4f (.text:xdc_runtime_System_SupportProxy_abort__E)
                  0000a0ec    0000000c     release_pem4f.oem4f (.text:xdc_runtime_System_SupportProxy_exit__E)
                  0000a0f8    0000000a     HVAC_Threads.obj (.text:HeartBeat_Thread)
                  0000a102    0000000a     rtsv7M4_T_le_v4SPD16_eabi.lib : sprintf.c.obj (.text:_outc)
                  0000a10c    00000004     --HOLE-- [fill = 0]
                  0000a110    00000008     sysbios.aem4f : BIOS.obj (.text:pthread_attr_setstacksize)
                  0000a118    00000008     rtsv7M4_T_le_v4SPD16_eabi.lib : rewind.c.obj (.text:rewind)
                  0000a120    00000008     release_pem4f.oem4f (.text:ti_sysbios_family_arm_m3_Hwi_Module__startupDone__S)
                  0000a128    00000008     sysbios.aem4f : BIOS.obj (.text:ti_sysbios_family_arm_m3_Hwi_doSwiRestore__I)
                  0000a130    00000008                   : BIOS.obj (.text:ti_sysbios_family_arm_m3_Hwi_startup__E)
                  0000a138    00000008     release_pem4f.oem4f (.text:ti_sysbios_family_arm_msp432_Timer_Module__startupDone__S)
                  0000a140    00000008     release_pem4f.oem4f (.text:ti_sysbios_hal_Hwi_HwiProxy_Module__startupDone__S)
                  0000a148    00000008     release_pem4f.oem4f (.text:ti_sysbios_hal_Hwi_HwiProxy_startup__E)
                  0000a150    00000008     release_pem4f.oem4f (.text:ti_sysbios_hal_Hwi_HwiProxy_switchFromBootStack__E)
                  0000a158    00000008     release_pem4f.oem4f (.text:ti_sysbios_knl_Clock_TimerProxy_Module__startupDone__S)
                  0000a160    00000008     release_pem4f.oem4f (.text:ti_sysbios_knl_Task_SupportProxy_Module__startupDone__S)
                  0000a168    00000008     release_pem4f.oem4f (.text:ti_sysbios_knl_Task_SupportProxy_getStackAlignment__E)
                  0000a170    00000008     release_pem4f.oem4f (.text:ti_sysbios_rts_ti_ReentSupport_getReent__E)
                  0000a178    00000008     release_pem4f.oem4f (.text:xdc_runtime_Startup_reset__I)
                  0000a180    00000006     sysbios.aem4f : BIOS.obj (.text:ti_sysbios_family_arm_m3_Hwi_doTaskRestore__I)
                  0000a186    00000002     --HOLE-- [fill = 0]
                  0000a188    00000006                   : BIOS.obj (.text:ti_sysbios_gates_GateHwi_leave__E)
                  0000a18e    00000002     --HOLE-- [fill = 0]
                  0000a190    00000006                   : BIOS.obj (.text:ti_sysbios_heaps_HeapMem_isBlocking__E)
                  0000a196    00000002     --HOLE-- [fill = 0]
                  0000a198    00000006                   : BIOS.obj (.text:ti_sysbios_knl_Queue_Instance_init__E)
                  0000a19e    00000002     --HOLE-- [fill = 0]
                  0000a1a0    00000006                   : BIOS.obj (.text:ti_sysbios_knl_Swi_startup__E)
                  0000a1a6    00000002     --HOLE-- [fill = 0]
                  0000a1a8    00000006                   : BIOS.obj (.text:xdc_runtime_System_Module_startup__E)
                  0000a1ae    00000002     --HOLE-- [fill = 0]
                  0000a1b0    00000004                   : BIOS.obj (.text:__aeabi_errno_addr)
                  0000a1b4    00000004     --HOLE-- [fill = 0]
                  0000a1b8    00000004                   : BIOS.obj (.text:ti_sysbios_gates_GateHwi_query__E)
                  0000a1bc    00000004     --HOLE-- [fill = 0]
                  0000a1c0    00000004                   : BIOS.obj (.text:ti_sysbios_gates_GateMutex_query__E)
                  0000a1c4    00000004     --HOLE-- [fill = 0]
                  0000a1c8    00000004                   : BIOS.obj (.text:ti_sysbios_knl_Task_startup__E)
                  0000a1cc    00000004     --HOLE-- [fill = 0]
                  0000a1d0    00000002                   : BIOS.obj (.text:ti_sysbios_BIOS_linkedWithIncorrectBootLibrary__E)
                  0000a1d2    00000006     --HOLE-- [fill = 0]
                  0000a1d8    00000002                   : BIOS.obj (.text:ti_sysbios_gates_GateHwi_Instance_init__E)
                  0000a1da    00000006     --HOLE-- [fill = 0]
                  0000a1e0    00000002                   : BIOS.obj (.text:ti_sysbios_knl_Clock_logTick__E)
                  0000a1e2    00000006     --HOLE-- [fill = 0]
                  0000a1e8    00000002                   : BIOS.obj (.text:xdc_runtime_SysCallback_defaultAbort)
                  0000a1ea    00000006     --HOLE-- [fill = 0]
                  0000a1f0    00000002                   : BIOS.obj (.text:xdc_runtime_SysCallback_defaultExit)
                  0000a1f2    00000006     --HOLE-- [fill = 0]
                  0000a1f8    00000002                   : BIOS.obj (.text:xdc_runtime_System_abortSpin__E)
                  0000a1fa    00000006     --HOLE-- [fill = 0]
                  0000a200    00000002                   : BIOS.obj (.text:xdc_runtime_System_exitSpin__E)

.const     0    0000a204    0000064a     
                  0000a204    00000101     rtsv7M4_T_le_v4SPD16_eabi.lib : ctype.c.obj (.const:.string:_ctypes_)
                  0000a305    00000001     release_pem4f.oem4f (.const:xdc_runtime_Error_policy__C)
                  0000a306    00000002     release_pem4f.oem4f (.const:ti_sysbios_family_arm_msp432_init_Boot_bypassHFXT__C)
                  0000a308    00000050     Files.obj (.const:instruction_set)
                  0000a358    00000048     release_pem4f.oem4f (.const:.string)
                  0000a3a0    0000003c     release_pem4f.oem4f (.const:ti_sysbios_knl_Task_Object__PARAMS__C)
                  0000a3dc    00000036     Files.obj (.const:.string)
                  0000a412    00000002     release_pem4f.oem4f (.const:ti_sysbios_family_arm_msp432_init_Boot_bypassLFXT__C)
                  0000a414    00000030     uart_f_MSP432.obj (.const:GPIO_PORT_TO_BASE)
                  0000a444    0000002c     HVAC_IO.obj (.const:$P$T2$3)
                  0000a470    00000028     release_pem4f.oem4f (.const:ti_sysbios_heaps_HeapMem_Module__FXNS__C)
                  0000a498    00000024     release_pem4f.oem4f (.const:ti_sysbios_gates_GateHwi_Module__FXNS__C)
                  0000a4bc    00000024     release_pem4f.oem4f (.const:ti_sysbios_gates_GateMutex_Module__FXNS__C)
                  0000a4e0    00000024     release_pem4f.oem4f (.const:ti_sysbios_heaps_HeapMem_Object__PARAMS__C)
                  0000a504    00000024     release_pem4f.oem4f (.const:ti_sysbios_knl_Semaphore_Object__PARAMS__C)
                  0000a528    00000024     release_pem4f.oem4f (.const:xdc_runtime_Startup_sfxnTab__A)
                  0000a54c    00000020     HVAC_IO.obj (.const:$P$T1$2)
                  0000a56c    00000020     release_pem4f.oem4f (.const:ti_sysbios_gates_GateHwi_Object__DESC__C)
                  0000a58c    00000020     release_pem4f.oem4f (.const:ti_sysbios_gates_GateMutex_Object__DESC__C)
                  0000a5ac    00000020     release_pem4f.oem4f (.const:ti_sysbios_heaps_HeapMem_Object__DESC__C)
                  0000a5cc    00000020     release_pem4f.oem4f (.const:ti_sysbios_knl_Queue_Object__DESC__C)
                  0000a5ec    00000020     release_pem4f.oem4f (.const:ti_sysbios_knl_Semaphore_Object__DESC__C)
                  0000a60c    00000020     release_pem4f.oem4f (.const:ti_sysbios_knl_Task_Object__DESC__C)
                  0000a62c    0000001e     HVAC_IO.obj (.const:.string)
                  0000a64a    00000002     release_pem4f.oem4f (.const:ti_sysbios_family_arm_msp432_init_Boot_enableHFXT__C)
                  0000a64c    00000018     release_pem4f.oem4f (.const:ti_sysbios_gates_GateHwi_Object__PARAMS__C)
                  0000a664    00000018     release_pem4f.oem4f (.const:ti_sysbios_gates_GateMutex_Object__PARAMS__C)
                  0000a67c    00000018     release_pem4f.oem4f (.const:ti_sysbios_knl_Queue_Object__PARAMS__C)
                  0000a694    00000018     release_pem4f.oem4f (.const:ti_sysbios_knl_Task_hooks__A)
                  0000a6ac    00000014     HVAC_IO.obj (.const:$P$T0$1)
                  0000a6c0    00000012     release_pem4f.oem4f (.const:xdc_runtime_Startup_sfxnRts__A)
                  0000a6d2    00000002     release_pem4f.oem4f (.const:ti_sysbios_family_arm_msp432_init_Boot_enableLFXT__C)
                  0000a6d4    0000000c     uart_f_MSP432.obj (.const:BRFX)
                  0000a6e0    0000000c     uart_f_MSP432.obj (.const:BRS)
                  0000a6ec    0000000c     uart_f_MSP432.obj (.const:BRX)
                  0000a6f8    0000000c     HVAC_IO.obj (.const:adc_ch_param2)
                  0000a704    0000000c     HVAC_IO.obj (.const:adc_ch_param)
                  0000a710    0000000c     release_pem4f.oem4f (.const:xdc_runtime_Startup_firstFxns__A)
                  0000a71c    00000008     HVAC_IO.obj (.const:adc_init)
                  0000a724    00000008     HVAC_IO.obj (.const:cool)
                  0000a72c    00000008     HVAC_IO.obj (.const:fan)
                  0000a734    00000008     int_MSP432.obj (.const:g_pulEnRegs)
                  0000a73c    00000008     HVAC_IO.obj (.const:hbeat)
                  0000a744    00000008     HVAC_IO.obj (.const:heat)
                  0000a74c    00000008     release_pem4f.oem4f (.const:ti_sysbios_knl_Idle_funcList__A)
                  0000a754    00000008     release_pem4f.oem4f (.const:ti_sysbios_knl_Idle_funcList__C)
                  0000a75c    00000008     release_pem4f.oem4f (.const:ti_sysbios_knl_Task_hooks__C)
                  0000a764    00000008     release_pem4f.oem4f (.const:xdc_runtime_Startup_firstFxns__C)
                  0000a76c    00000008     release_pem4f.oem4f (.const:xdc_runtime_Startup_lastFxns__C)
                  0000a774    00000005     Files.obj (.const:.string:$P$T0$2)
                  0000a779    00000001     --HOLE-- [fill = 0]
                  0000a77a    00000002     release_pem4f.oem4f (.const:ti_sysbios_heaps_HeapMem_Module__id__C)
                  0000a77c    00000004     release_pem4f.oem4f (.const:ti_sysbios_family_arm_m3_Hwi_NUM_INTERRUPTS__C)
                  0000a780    00000004     release_pem4f.oem4f (.const:ti_sysbios_family_arm_m3_Hwi_Object__count__C)
                  0000a784    00000004     release_pem4f.oem4f (.const:ti_sysbios_family_arm_m3_Hwi_Object__table__C)
                  0000a788    00000004     release_pem4f.oem4f (.const:ti_sysbios_family_arm_m3_Hwi_ccr__C)
                  0000a78c    00000004     release_pem4f.oem4f (.const:ti_sysbios_family_arm_m3_Hwi_excHandlerFunc__C)
                  0000a790    00000004     release_pem4f.oem4f (.const:ti_sysbios_family_arm_m3_Hwi_nullIsrFunc__C)
                  0000a794    00000004     release_pem4f.oem4f (.const:ti_sysbios_family_arm_m3_Hwi_priGroup__C)
                  0000a798    00000004     release_pem4f.oem4f (.const:ti_sysbios_family_arm_m3_TaskSupport_stackAlignment__C)
                  0000a79c    00000004     release_pem4f.oem4f (.const:ti_sysbios_family_arm_msp432_Timer_numTimerDevices__C)
                  0000a7a0    00000004     release_pem4f.oem4f (.const:ti_sysbios_family_arm_msp432_Timer_startupNeeded__C)
                  0000a7a4    00000004     release_pem4f.oem4f (.const:ti_sysbios_gates_GateMutex_Instance_State_sem__O)
                  0000a7a8    00000004     release_pem4f.oem4f (.const:ti_sysbios_heaps_HeapMem_E_memory__C)
                  0000a7ac    00000004     release_pem4f.oem4f (.const:ti_sysbios_heaps_HeapMem_Module__gateObj__C)
                  0000a7b0    00000004     release_pem4f.oem4f (.const:ti_sysbios_heaps_HeapMem_Object__count__C)
                  0000a7b4    00000004     release_pem4f.oem4f (.const:ti_sysbios_heaps_HeapMem_Object__table__C)
                  0000a7b8    00000004     release_pem4f.oem4f (.const:ti_sysbios_heaps_HeapMem_primaryHeapBaseAddr__C)
                  0000a7bc    00000004     release_pem4f.oem4f (.const:ti_sysbios_heaps_HeapMem_primaryHeapEndAddr__C)
                  0000a7c0    00000004     release_pem4f.oem4f (.const:ti_sysbios_heaps_HeapMem_reqAlign__C)
                  0000a7c4    00000004     release_pem4f.oem4f (.const:ti_sysbios_knl_Clock_Module_State_clockQ__O)
                  0000a7c8    00000004     release_pem4f.oem4f (.const:ti_sysbios_knl_Clock_tickPeriod__C)
                  0000a7cc    00000004     release_pem4f.oem4f (.const:ti_sysbios_knl_Mailbox_Instance_State_freeQue__O)
                  0000a7d0    00000004     release_pem4f.oem4f (.const:ti_sysbios_knl_Mailbox_Object__count__C)
                  0000a7d4    00000004     release_pem4f.oem4f (.const:ti_sysbios_knl_Mailbox_maxTypeAlign__C)
                  0000a7d8    00000004     release_pem4f.oem4f (.const:ti_sysbios_knl_Semaphore_Instance_State_pendQ__O)
                  0000a7dc    00000004     release_pem4f.oem4f (.const:ti_sysbios_knl_Swi_Object__count__C)
                  0000a7e0    00000004     release_pem4f.oem4f (.const:ti_sysbios_knl_Swi_Object__table__C)
                  0000a7e4    00000004     release_pem4f.oem4f (.const:ti_sysbios_knl_Task_Module_State_inactiveQ__O)
                  0000a7e8    00000004     release_pem4f.oem4f (.const:ti_sysbios_knl_Task_Object__count__C)
                  0000a7ec    00000004     release_pem4f.oem4f (.const:ti_sysbios_knl_Task_Object__heap__C)
                  0000a7f0    00000004     release_pem4f.oem4f (.const:ti_sysbios_knl_Task_Object__table__C)
                  0000a7f4    00000004     release_pem4f.oem4f (.const:ti_sysbios_knl_Task_allBlockedFunc__C)
                  0000a7f8    00000004     release_pem4f.oem4f (.const:ti_sysbios_knl_Task_defaultStackHeap__C)
                  0000a7fc    00000004     release_pem4f.oem4f (.const:ti_sysbios_knl_Task_defaultStackSize__C)
                  0000a800    00000004     release_pem4f.oem4f (.const:ti_sysbios_knl_Task_numConstructedTasks__C)
                  0000a804    00000004     release_pem4f.oem4f (.const:xdc_runtime_Error_E_memory__C)
                  0000a808    00000004     release_pem4f.oem4f (.const:xdc_runtime_Error_policyFxn__C)
                  0000a80c    00000004     release_pem4f.oem4f (.const:xdc_runtime_IGateProvider_Interface__BASE__C)
                  0000a810    00000004     release_pem4f.oem4f (.const:xdc_runtime_IHeap_Interface__BASE__C)
                  0000a814    00000004     release_pem4f.oem4f (.const:xdc_runtime_IModule_Interface__BASE__C)
                  0000a818    00000004     release_pem4f.oem4f (.const:xdc_runtime_Memory_defaultHeapInstance__C)
                  0000a81c    00000004     release_pem4f.oem4f (.const:xdc_runtime_Startup_execImpl__C)
                  0000a820    00000004     release_pem4f.oem4f (.const:xdc_runtime_Startup_maxPasses__C)
                  0000a824    00000004     release_pem4f.oem4f (.const:xdc_runtime_Startup_sfxnRts__C)
                  0000a828    00000004     release_pem4f.oem4f (.const:xdc_runtime_Startup_sfxnTab__C)
                  0000a82c    00000004     release_pem4f.oem4f (.const:xdc_runtime_Startup_startModsFxn__C)
                  0000a830    00000004     release_pem4f.oem4f (.const:xdc_runtime_SysCallback_abortFxn__C)
                  0000a834    00000004     release_pem4f.oem4f (.const:xdc_runtime_SysCallback_exitFxn__C)
                  0000a838    00000004     release_pem4f.oem4f (.const:xdc_runtime_System_Module__gateObj__C)
                  0000a83c    00000004     release_pem4f.oem4f (.const:xdc_runtime_System_abortFxn__C)
                  0000a840    00000004     release_pem4f.oem4f (.const:xdc_runtime_System_exitFxn__C)
                  0000a844    00000004     release_pem4f.oem4f (.const:xdc_runtime_System_maxAtexitHandlers__C)
                  0000a848    00000004     release_pem4f.oem4f (.const:xdc_runtime_Text_nameUnknown__C)
                  0000a84c    00000002     release_pem4f.oem4f (.const:xdc_runtime_Memory_Module__id__C)

.cinit     0    0000a850    00000298     
                  0000a850    0000025f     (.cinit..data.load) [load image, compression = lzss]
                  0000aaaf    00000001     --HOLE-- [fill = 0]
                  0000aab0    0000000c     (__TI_handler_table)
                  0000aabc    00000004     --HOLE-- [fill = 0]
                  0000aac0    00000008     (.cinit..bss.load) [load image, compression = zero_init]
                  0000aac8    00000008     (.cinit..vtable.load) [load image, compression = zero_init]
                  0000aad0    00000018     (__TI_cinit_table)

.init_array 
*          0    00000000    00000000     UNINITIALIZED

.data      0    20000140    00000a88     UNINITIALIZED
                  20000140    000000f0     rtsv7M4_T_le_v4SPD16_eabi.lib : defs.c.obj (.data:_ftable)
                  20000230    00000088     sysbios.aem4f : BIOS.obj (.data:$O1$$)
                  200002b8    00000080     adc_f_MSP432.obj (.data:ADC_time_channel)
                  20000338    00000080     adc_f_MSP432.obj (.data:ADC_time_channel_temp)
                  200003b8    00000080     adc_f_MSP432.obj (.data:ADC_timer_activation)
                  20000438    00000080     release_pem4f.oem4f (.data:ti_sysbios_knl_Swi_Module_State_0_readyQ__A)
                  200004b8    00000080     release_pem4f.oem4f (.data:ti_sysbios_knl_Task_Module_State_0_readyQ__A)
                  20000538    00000080     adc_f_MSP432.obj (.data:time_stopped)
                  200005b8    0000007c     adc_f_MSP432.obj (.data:adc_ch)
                  20000634    00000078     rtsv7M4_T_le_v4SPD16_eabi.lib : host_device.c.obj (.data:_device)
                  200006ac    00000054     release_pem4f.oem4f (.data:ti_sysbios_gates_GateMutex_Object__table__V)
                  20000700    00000050     rtsv7M4_T_le_v4SPD16_eabi.lib : host_device.c.obj (.data:_stream)
                  20000750    0000004c     release_pem4f.oem4f (.data:ti_sysbios_knl_Task_Object__table__V)
                  2000079c    00000044     release_pem4f.oem4f (.data:ti_sysbios_family_arm_msp432_Timer_Object__table__V)
                  200007e0    00000044     release_pem4f.oem4f (.data:ti_sysbios_knl_Task_Module__state__V)
                  20000824    00000040     adc_f_MSP432.obj (.data:running_mask)
                  20000864    00000034     release_pem4f.oem4f (.data:ti_sysbios_family_arm_m3_Hwi_Module__state__V)
                  20000898    00000030     release_pem4f.oem4f (.data:ti_sysbios_knl_Swi_Object__table__V)
                  200008c8    0000002c     HVAC_IO.obj (.data)
                  200008f4    0000002c     release_pem4f.oem4f (.data:ti_sysbios_knl_Clock_Module__state__V)
                  20000920    00000028     gpio_f_MSP432.obj (.data:gpio_global_irq_map)
                  20000948    00000028     gpio_f_MSP432.obj (.data:gpio_global_pin_map)
                  20000970    00000024     release_pem4f.oem4f (.data:ti_sysbios_BIOS_Module__state__V)
                  20000994    00000020     HVAC_IO.obj (.data:data)
                  200009b4    00000020     timer_f_msp432.obj (.data:last_state)
                  200009d4    00000020     release_pem4f.oem4f (.data:ti_sysbios_family_arm_msp432_Timer_Module_State_0_device__A)
                  200009f4    00000020     timer_f_msp432.obj (.data:time_paused_left)
                  20000a14    00000020     timer_f_msp432.obj (.data:timer_units)
                  20000a34    00000020     release_pem4f.oem4f (.data:xdc_runtime_Error_IgnoreBlock)
                  20000a54    0000001c     release_pem4f.oem4f (.data:ti_sysbios_knl_Swi_Module__state__V)
                  20000a70    00000018     adc_f_MSP432.obj (.data)
                  20000a88    00000018     release_pem4f.oem4f (.data:ti_sysbios_family_arm_m3_Hwi_Object__table__V)
                  20000aa0    00000018     release_pem4f.oem4f (.data:ti_sysbios_heaps_HeapMem_Object__table__V)
                  20000ab8    00000014     Files.obj (.data:files_active)
                  20000acc    00000010     HVAC_IO.obj (.data:SysSTR)
                  20000adc    00000010     Files.obj (.data:iter_name$1)
                  20000aec    00000010     rtsv7M4_T_le_v4SPD16_eabi.lib : defs.c.obj (.data)
                  20000afc    00000010     release_pem4f.oem4f (.data:ti_sysbios_family_arm_msp432_Timer_Module_State_0_handles__A)
                  20000b0c    00000010     timer_f_msp432.obj (.data)
                  20000b1c    0000000c     rtsv7M4_T_le_v4SPD16_eabi.lib : exit.c.obj (.data:$O1$$)
                  20000b28    0000000c     release_pem4f.oem4f (.data:ti_sysbios_family_arm_msp432_Timer_Module__state__V)
                  20000b34    00000009     uart_f_MSP432.obj (.data)
                  20000b3d    00000001     --HOLE--
                  20000b3e    00000002     release_pem4f.oem4f (.data:ti_sysbios_family_arm_m3_Hwi_Module_State_0_excActive__A)
                  20000b40    00000008     rtsv7M4_T_le_v4SPD16_eabi.lib : _lock.c.obj (.data:$O1$$)
                  20000b48    00000008     release_pem4f.oem4f (.data:ti_sysbios_gates_GateHwi_Module__root__V)
                  20000b50    00000008     release_pem4f.oem4f (.data:ti_sysbios_gates_GateMutex_Module__root__V)
                  20000b58    00000008     release_pem4f.oem4f (.data:ti_sysbios_heaps_HeapMem_Module__root__V)
                  20000b60    00000008     release_pem4f.oem4f (.data:ti_sysbios_knl_Queue_Module__root__V)
                  20000b68    00000008     release_pem4f.oem4f (.data:ti_sysbios_knl_Semaphore_Module__root__V)
                  20000b70    00000008     release_pem4f.oem4f (.data:ti_sysbios_knl_Task_Module__root__V)
                  20000b78    00000008     timer_f_msp432.obj (.data:timer_activated)
                  20000b80    00000008     release_pem4f.oem4f (.data:xdc_runtime_Startup_Module__state__V)
                  20000b88    00000008     release_pem4f.oem4f (.data:xdc_runtime_System_Module_State_0_atexitHandlers__A)
                  20000b90    00000008     release_pem4f.oem4f (.data:xdc_runtime_System_Module__state__V)
                  20000b98    00000005     HVAC_IO.obj (.data:ultimos_estados$4)
                  20000b9d    00000003     --HOLE--
                  20000ba0    00000004     gpio_f_MSP432.obj (.data)
                  20000ba4    00000004     rtsv7M4_T_le_v4SPD16_eabi.lib : fopen.c.obj (.data)
                  20000ba8    00000004                                   : open.c.obj (.data)
                  20000bac    00000004                                   : stkdepth_vars.c.obj (.data)
                  20000bb0    00000004     release_pem4f.oem4f (.data:ti_sysbios_family_arm_m3_Hwi_Module_State_0_excContext__A)
                  20000bb4    00000004     release_pem4f.oem4f (.data:ti_sysbios_family_arm_m3_Hwi_Module_State_0_excStack__A)
                  20000bb8    00000004     release_pem4f.oem4f (.data:ti_sysbios_gates_GateHwi_Object__table__V)
                  20000bbc    00000004     release_pem4f.oem4f (.data:ti_sysbios_knl_Task_Module_State_0_idleTask__A)
                  20000bc0    00000004     release_pem4f.oem4f (.data:ti_sysbios_rts_ti_ReentSupport_Module__state__V)
                  20000bc4    00000004     release_pem4f.oem4f (.data:xdc_runtime_Memory_Module__state__V)

.vtable    0    20001000    000000e8     UNINITIALIZED
                  20001000    000000e8     int_MSP432.obj (.vtable)

.bss       0    200050e8    0000055e     UNINITIALIZED
                  200050e8    00000200     release_pem4f.oem4f (.bss:taskStackSection)
                  200052e8    00000140     (.common:ti_sysbios_family_arm_m3_Hwi_dispatchTable)
                  20005428    00000120     rtsv7M4_T_le_v4SPD16_eabi.lib : trgmsg.c.obj (.bss:_CIOBUF_)
                  20005548    000000a0     (.common:__TI_tmpnams)
                  200055e8    00000040     (.common:state)
                  20005628    00000008     (.common:parmbuf)
                  20005630    00000004     (.common:delay)
                  20005634    00000004     (.common:entradas_thread)
                  20005638    00000004     (.common:heartbeat_thread)
                  2000563c    00000004     (.common:salidas_thread)
                  20005640    00000004     (.common:ti_sysbios_knl_Task_Instance_State_0_hookEnv__A)
                  20005644    00000002     (.common:EstadoEntradas)

.priheap   0    200010e8    00004000     UNINITIALIZED
                  200010e8    00004000     --HOLE--

.stack     0    2000fc00    00000400     UNINITIALIZED
                  2000fc00    00000400     --HOLE--

.bootVecs 
*          0    00000000    00000008     DSECT
                  00000000    00000008     boot.aem4f : boot.oem4f (.bootVecs)

.resetVecs 
*          0    00000000    0000003c     
                  00000000    0000003c     release_pem4f.oem4f (.resetVecs)

.vecs      0    20000000    00000140     NOLOAD SECTION
                  20000000    00000140     release_pem4f.oem4f (.vecs)

xdc.meta   0    00000000    000000ed     COPY SECTION
                  00000000    000000ed     release_pem4f.oem4f (xdc.meta)

xdc.noload 
*          0    00000000    00000000     COPY SECTION

__llvm_prf_cnts 
*          0    20000000    00000000     UNINITIALIZED

.binit     0    00000000    00000000     

MODULE SUMMARY

       Module                       code    ro data   rw data
       ------                       ----    -------   -------
    ./
       HVAC_IO.obj                  1960    190       358    
       Threads.obj                  236     0         0      
       HVAC_Threads.obj             222     0         0      
    +--+----------------------------+-------+---------+---------+
       Total:                       2418    190       358    
                                                             
    ./Aux_files/
       system_msp432p401r.obj       202     0         0      
    +--+----------------------------+-------+---------+---------+
       Total:                       202     0         0      
                                                             
    ./Drivers_obj/
       adc_f_MSP432.obj             4358    0         1448   
       gpio_f_MSP432.obj            4740    0         168    
       timer_f_msp432.obj           2656    0         240    
       uart_f_MSP432.obj            1183    84        18     
       int_MSP432.obj               732     8         464    
       Files.obj                    604     139       72     
    +--+----------------------------+-------+---------+---------+
       Total:                       14273   231       2410   
                                                             
    /home/marco/ti/workspace_v12/HVAC_TRES_HILOS_OBJ_MACM/Debug/configPkg/package/cfg/
       release_pem4f.oem4f          2086    991       4308   
    +--+----------------------------+-------+---------+---------+
       Total:                       2086    991       4308   
                                                             
    /home/marco/ti/ccs/ccs1240/ccs/tools/compiler/ti-cgt-arm_20.2.7.LTS/lib/rtsv7M4_T_le_v4SPD16_eabi.lib
       _printfi.c.obj               4851    0         0      
       defs.c.obj                   0       0         832    
       trgmsg.c.obj                 108     0         576    
       fopen.c.obj                  480     0         8      
       fd_add_t2.asm.obj            438     0         0      
       host_device.c.obj            0       0         400    
       fwrite.c.obj                 384     0         0      
       fd_div_t2.asm.obj            310     0         0      
       s_scalbn.c.obj               272     0         0      
       fd_cmp_t2.asm.obj            268     0         0      
       ctype.c.obj                  0       257       0      
       fd_mul_t2.asm.obj            252     0         0      
       fread.c.obj                  248     0         0      
       setvbuf.c.obj                220     0         0      
       open.c.obj                   188     0         8      
       _io_perm.c.obj               172     0         0      
       _bufread.c.obj               156     0         0      
       memcpy_t2.asm.obj            156     0         0      
       ull_div_t2.asm.obj           150     0         0      
       memset_t2.asm.obj            122     0         0      
       fclose.c.obj                 116     0         0      
       getdevice.c.obj              116     0         0      
       hostopen.c.obj               96      0         16     
       printf.c.obj                 112     0         0      
       hostrename.c.obj             108     0         0      
       copy_decompress_lzss.c.obj   104     0         0      
       hostlseek.c.obj              104     0         0      
       exit.c.obj                   76      0         24     
       fseek.c.obj                  100     0         0      
       s_frexp.c.obj                100     0         0      
       sprintf.c.obj                98      0         0      
       close.c.obj                  92      0         0      
       hostread.c.obj               88      0         0      
       hostwrite.c.obj              88      0         0      
       _ltoa.c.obj                  84      0         0      
       atoi.c.obj                   76      0         0      
       cpy_tbl.c.obj                76      0         0      
       fflush.c.obj                 76      0         0      
       fd_toi_t2.asm.obj            72      0         0      
       hostclose.c.obj              68      0         0      
       hostunlink.c.obj             68      0         0      
       fs_tod_t2.asm.obj            56      0         0      
       strncpy.c.obj                54      0         0      
       i_tofd_t2.asm.obj            46      0         0      
       strncmp.c.obj                44      0         0      
       unlink.c.obj                 44      0         0      
       _lock.c.obj                  26      0         16     
       lseek.c.obj                  40      0         0      
       read.c.obj                   40      0         0      
       write.c.obj                  40      0         0      
       memchr.c.obj                 32      0         0      
       strcat.c.obj                 30      0         0      
       memccpy.c.obj                28      0         0      
       s_copysign.c.obj             26      0         0      
       args_main.c.obj              24      0         0      
       strcmp.c.obj                 24      0         0      
       strchr.c.obj                 22      0         0      
       strcpy.c.obj                 20      0         0      
       strlen.c.obj                 20      0         0      
       wcslen.c.obj                 18      0         0      
       copy_decompress_none.c.obj   14      0         0      
       copy_zero_init.c.obj         12      0         0      
       rewind.c.obj                 8       0         0      
       stkdepth_vars.c.obj          0       0         8      
       div0.asm.obj                 2       0         0      
    +--+----------------------------+-------+---------+---------+
       Total:                       11363   257       1888   
                                                             
    /home/marco/ti/simplelink_msp432p4_sdk_3_40_01_02/kernel/tirtos/packages/ti/targets/arm/rtsarm/lib/auto_init.aem4f
       auto_init.oem4f              160     0         0      
    +--+----------------------------+-------+---------+---------+
       Total:                       160     0         0      
                                                             
    /home/marco/ti/simplelink_msp432p4_sdk_3_40_01_02/kernel/tirtos/packages/ti/targets/arm/rtsarm/lib/boot.aem4f
       boot.oem4f                   88      0         0      
    +--+----------------------------+-------+---------+---------+
       Total:                       88      0         0      
                                                             
    /home/marco/ti/simplelink_msp432p4_sdk_3_40_01_02/source/ti/devices/msp432p4xx/driverlib/ccs/msp432p4xx_driverlib.lib
       pcm.o                        1770    0         0      
       rtc_c.o                      44      0         0      
       wdt_a.o                      36      0         0      
       cpu.o                        4       0         0      
    +--+----------------------------+-------+---------+---------+
       Total:                       1854    0         0      
                                                             
    /home/marco/ti/workspace_v12/HVAC_TRES_HILOS_OBJ_MACM/Aux_files/src/sysbios/sysbios.aem4f
       BIOS.obj                     8042    0         272    
       m3_Hwi_asm.obj               318     0         0      
       m3_TaskSupport_asm.obj       180     0         0      
       m3_Hwi_asm_switch.obj        118     0         0      
    +--+----------------------------+-------+---------+---------+
       Total:                       8658    0         272    
                                                             
       Stack:                       0       0         2048   
       Linker Generated:            0       659       0      
    +--+----------------------------+-------+---------+---------+
       Grand Total:                 41102   2328      11284  


LINKER GENERATED COPY TABLES

__TI_cinit_table @ 0000aad0 records: 3, size/record: 8, table size: 24
	.data: load addr=0000a850, load size=0000025f bytes, run addr=20000140, run size=00000a88 bytes, compression=lzss
	.bss: load addr=0000aac0, load size=00000008 bytes, run addr=200050e8, run size=0000055e bytes, compression=zero_init
	.vtable: load addr=0000aac8, load size=00000008 bytes, run addr=20001000, run size=000000e8 bytes, compression=zero_init


LINKER GENERATED HANDLER TABLE

__TI_handler_table @ 0000aab0 records: 3, size/record: 4, table size: 12
	index: 0, handler: __TI_zero_init
	index: 1, handler: __TI_decompress_lzss
	index: 2, handler: __TI_decompress_none


GLOBAL SYMBOLS: SORTED ALPHABETICALLY BY Name 

address   name                                                            
-------   ----                                                            
00007105  ADC14_IRQHandler                                                
20000a78  ADC_ch_actives                                                  
20000a74  ADC_global_irq_map                                              
200002b8  ADC_time_channel                                                
20000338  ADC_time_channel_temp                                           
200003b8  ADC_timer_activation                                            
0000a6d4  BRFX                                                            
0000a6e0  BRS                                                             
0000a6ec  BRX                                                             
00006035  C$$EXIT                                                         
00008d43  C$$IO$$                                                         
00003ffb  CPU_wfi                                                         
000059dd  Entradas_Thread                                                 
20005644  EstadoEntradas                                                  
200008d2  FAN_LED_State                                                   
00004000  HEAPSIZE                                                        
000087a9  HOSTclose                                                       
000075ed  HOSTlseek                                                       
00007abd  HOSTopen                                                        
00007ed1  HOSTread                                                        
00007511  HOSTrename                                                      
000087ed  HOSTunlink                                                      
00007f29  HOSTwrite                                                       
000030a1  HVAC_ActualizarEntradas                                         
00005f8d  HVAC_ActualizarSalidas                                          
00007179  HVAC_Cool                                                       
00004e85  HVAC_Heartbeat                                                  
000071ed  HVAC_Heat                                                       
000073bd  HVAC_InicialiceADC                                              
000064a1  HVAC_InicialiceIO                                               
00008831  HVAC_InicialiceUART                                             
00003c31  HVAC_PrintState                                                 
00009689  HVAC_SetPointDown                                               
000096ad  HVAC_SetPointUp                                                 
0000a0f9  HeartBeat_Thread                                                
00008a15  INT_SWI                                                         
00005c15  Int_clear_gpio_flags                                            
00007261  Int_disable                                                     
000055d5  Int_enable                                                      
00006f11  Int_enableInterrupt                                             
00007ca1  Int_registerInterrupt                                           
00007c41  PCM_getCoreVoltageLevel                                         
00007e75  PCM_getPowerMode                                                
00009d51  PCM_getPowerState                                               
000094a9  PCM_gotoLPM0                                                    
00006c79  PCM_gotoLPM3                                                    
00009e4d  PCM_gotoLPM4                                                    
[...]
00009f91  xdc_runtime_SysCallback_exit__E                                 
00009fa1  xdc_runtime_System_Module_GateProxy_leave__E                    
00009fb1  __TI_decompress_none                                            
00009fc1  pthread_attr_setdetachstate                                     
00009fd1  ti_sysbios_knl_Idle_loop__E                                     
00009fe1  ti_sysbios_knl_Queue_empty__E                                   
00009ff1  _register_lock                                                  
00009ffd  _register_unlock                                                
0000a009  __TI_zero_init                                                  
0000a015  malloc                                                          
0000a021  pthread_self                                                    
0000a02d  ti_sysbios_BIOS_RtsGateProxy_enter__E                           
0000a039  ti_sysbios_family_arm_m3_TaskSupport_getStackAlignment__E       
0000a049  ti_sysbios_family_arm_msp432_Timer_getMaxTicks__E               
0000a059  ti_sysbios_gates_GateHwi_enter__E                               
0000a065  ti_sysbios_heaps_HeapMem_Module_GateProxy_enter__E              
0000a071  ti_sysbios_heaps_HeapMem_Module_GateProxy_query__E              
0000a07d  ti_sysbios_knl_Clock_TimerProxy_getMaxTicks__E                  
0000a089  ti_sysbios_knl_Task_delete                                      
0000a099  ti_sysbios_knl_Task_self__E                                     
0000a0a9  ti_sysbios_rts_ti_ReentSupport_taskRegHook__I                   
0000a0b9  xdc_runtime_Gate_enterSystem__E                                 
0000a0c9  xdc_runtime_Startup_rtsDone__E                                  
0000a0d5  xdc_runtime_System_Module_GateProxy_enter__E                    
0000a0e1  xdc_runtime_System_SupportProxy_abort__E                        
0000a0ed  xdc_runtime_System_SupportProxy_exit__E                         
0000a0f9  HeartBeat_Thread                                                
0000a111  pthread_attr_setstacksize                                       
0000a119  rewind                                                          
0000a121  ti_sysbios_family_arm_m3_Hwi_Module__startupDone__S             
0000a129  ti_sysbios_family_arm_m3_Hwi_doSwiRestore__I                    
0000a131  ti_sysbios_family_arm_m3_Hwi_startup__E                         
0000a139  ti_sysbios_family_arm_msp432_Timer_Module__startupDone__S       
0000a141  ti_sysbios_hal_Hwi_HwiProxy_Module__startupDone__S              
0000a149  ti_sysbios_hal_Hwi_HwiProxy_startup__E                          
0000a149  ti_sysbios_hal_Hwi_startup__E                                   
0000a151  ti_sysbios_hal_Hwi_HwiProxy_switchFromBootStack__E              
0000a151  ti_sysbios_hal_Hwi_switchFromBootStack__E                       
0000a159  ti_sysbios_knl_Clock_TimerProxy_Module__startupDone__S          
0000a161  ti_sysbios_knl_Task_SupportProxy_Module__startupDone__S         
0000a169  ti_sysbios_knl_Task_SupportProxy_getStackAlignment__E           
0000a171  ti_sysbios_rts_ti_ReentSupport_getReent__E                      
0000a179  xdc_runtime_Startup_reset__I                                    
0000a181  ti_sysbios_family_arm_m3_Hwi_doTaskRestore__I                   
0000a189  ti_sysbios_gates_GateHwi_leave__E                               
0000a191  ti_sysbios_heaps_HeapMem_isBlocking__E                          
0000a199  ti_sysbios_knl_Queue_Instance_init__E                           
0000a1a1  ti_sysbios_knl_Swi_startup__E                                   
0000a1a9  xdc_runtime_System_Module_startup__E                            
0000a1b1  __aeabi_errno_addr                                              
0000a1b9  ti_sysbios_gates_GateHwi_query__E                               
0000a1c1  ti_sysbios_gates_GateMutex_query__E                             
0000a1c9  ti_sysbios_knl_Task_startup__E                                  
0000a1d1  ti_sysbios_BIOS_linkedWithIncorrectBootLibrary__E               
0000a1d9  ti_sysbios_gates_GateHwi_Instance_init__E                       
0000a1e1  ti_sysbios_knl_Clock_logTick__E                                 
0000a1e9  xdc_runtime_SysCallback_defaultAbort                            
0000a1f1  xdc_runtime_SysCallback_defaultExit                             
0000a1f9  xdc_runtime_System_abortSpin__E                                 
0000a201  xdc_runtime_System_exitSpin__E                                  
0000a204  _ctypes_                                                        
0000a305  xdc_runtime_Error_policy__C                                     
0000a306  ti_sysbios_family_arm_msp432_init_Boot_bypassHFXT__C            
0000a3a0  ti_sysbios_knl_Task_Object__PARAMS__C                           
0000a412  ti_sysbios_family_arm_msp432_init_Boot_bypassLFXT__C            
0000a470  ti_sysbios_heaps_HeapMem_Module__FXNS__C                        
0000a498  ti_sysbios_gates_GateHwi_Module__FXNS__C                        
0000a4bc  ti_sysbios_gates_GateMutex_Module__FXNS__C                      
0000a4e0  ti_sysbios_heaps_HeapMem_Object__PARAMS__C                      
0000a504  ti_sysbios_knl_Semaphore_Object__PARAMS__C                      
0000a528  xdc_runtime_Startup_sfxnTab__A                                  
0000a56c  ti_sysbios_gates_GateHwi_Object__DESC__C                        
0000a58c  ti_sysbios_gates_GateMutex_Object__DESC__C                      
0000a5ac  ti_sysbios_heaps_HeapMem_Object__DESC__C                        
0000a5cc  ti_sysbios_knl_Queue_Object__DESC__C                            
0000a5ec  ti_sysbios_knl_Semaphore_Object__DESC__C                        
0000a60c  ti_sysbios_knl_Task_Object__DESC__C                             
0000a64a  ti_sysbios_family_arm_msp432_init_Boot_enableHFXT__C            
0000a64c  ti_sysbios_gates_GateHwi_Object__PARAMS__C                      
0000a664  ti_sysbios_gates_GateMutex_Object__PARAMS__C                    
0000a67c  ti_sysbios_knl_Queue_Object__PARAMS__C                          
0000a694  ti_sysbios_knl_Task_hooks__A                                    
0000a6c0  xdc_runtime_Startup_sfxnRts__A                                  
0000a6d2  ti_sysbios_family_arm_msp432_init_Boot_enableLFXT__C            
0000a6d4  BRFX                                                            
0000a6e0  BRS                                                             
0000a6ec  BRX                                                             
0000a6f8  adc_ch_param2                                                   
0000a704  adc_ch_param                                                    
0000a710  xdc_runtime_Startup_firstFxns__A                                
0000a71c  adc_init                                                        
0000a73c  hbeat                                                           
0000a74c  ti_sysbios_knl_Idle_funcList__A                                 
0000a754  ti_sysbios_knl_Idle_funcList__C                                 
0000a75c  ti_sysbios_knl_Task_hooks__C                                    
0000a764  xdc_runtime_Startup_firstFxns__C                                
0000a76c  xdc_runtime_Startup_lastFxns__C                                 
0000a77a  ti_sysbios_heaps_HeapMem_Module__id__C                          
0000a77c  ti_sysbios_family_arm_m3_Hwi_NUM_INTERRUPTS__C                  
0000a780  ti_sysbios_family_arm_m3_Hwi_Object__count__C                   
0000a784  ti_sysbios_family_arm_m3_Hwi_Object__table__C                   
0000a788  ti_sysbios_family_arm_m3_Hwi_ccr__C                             
0000a78c  ti_sysbios_family_arm_m3_Hwi_excHandlerFunc__C                  
0000a790  ti_sysbios_family_arm_m3_Hwi_nullIsrFunc__C                     
0000a794  ti_sysbios_family_arm_m3_Hwi_priGroup__C                        
0000a798  ti_sysbios_family_arm_m3_TaskSupport_stackAlignment__C          
0000a79c  ti_sysbios_family_arm_msp432_Timer_numTimerDevices__C           
0000a7a0  ti_sysbios_family_arm_msp432_Timer_startupNeeded__C             
0000a7a4  ti_sysbios_gates_GateMutex_Instance_State_sem__O                
0000a7a8  ti_sysbios_heaps_HeapMem_E_memory__C                            
0000a7ac  ti_sysbios_heaps_HeapMem_Module__gateObj__C                     
0000a7b0  ti_sysbios_heaps_HeapMem_Object__count__C                       
0000a7b4  ti_sysbios_heaps_HeapMem_Object__table__C                       
0000a7b8  ti_sysbios_heaps_HeapMem_primaryHeapBaseAddr__C                 
0000a7bc  ti_sysbios_heaps_HeapMem_primaryHeapEndAddr__C                  
0000a7c0  ti_sysbios_heaps_HeapMem_reqAlign__C                            
0000a7c4  ti_sysbios_knl_Clock_Module_State_clockQ__O                     
0000a7c8  ti_sysbios_knl_Clock_tickPeriod__C                              
0000a7cc  ti_sysbios_knl_Mailbox_Instance_State_freeQue__O                
0000a7d0  ti_sysbios_knl_Mailbox_Object__count__C                         
0000a7d4  ti_sysbios_knl_Mailbox_maxTypeAlign__C                          
0000a7d8  ti_sysbios_knl_Semaphore_Instance_State_pendQ__O                
0000a7dc  ti_sysbios_knl_Swi_Object__count__C                             
0000a7e0  ti_sysbios_knl_Swi_Object__table__C                             
0000a7e4  ti_sysbios_knl_Task_Module_State_inactiveQ__O                   
0000a7e8  ti_sysbios_knl_Task_Object__count__C                            
0000a7ec  ti_sysbios_knl_Task_Object__heap__C                             
0000a7f0  ti_sysbios_knl_Task_Object__table__C                            
0000a7f4  ti_sysbios_knl_Task_allBlockedFunc__C                           
0000a7f8  ti_sysbios_knl_Task_defaultStackHeap__C                         
0000a7fc  ti_sysbios_knl_Task_defaultStackSize__C                         
0000a800  ti_sysbios_knl_Task_numConstructedTasks__C                      
0000a804  xdc_runtime_Error_E_memory__C                                   
0000a808  xdc_runtime_Error_policyFxn__C                                  
0000a80c  xdc_runtime_IGateProvider_Interface__BASE__C                    
0000a810  xdc_runtime_IHeap_Interface__BASE__C                            
0000a814  xdc_runtime_IModule_Interface__BASE__C                          
0000a818  xdc_runtime_Memory_defaultHeapInstance__C                       
0000a81c  xdc_runtime_Startup_execImpl__C                                 
0000a820  xdc_runtime_Startup_maxPasses__C                                
0000a824  xdc_runtime_Startup_sfxnRts__C                                  
0000a828  xdc_runtime_Startup_sfxnTab__C                                  
0000a82c  xdc_runtime_Startup_startModsFxn__C                             
0000a830  xdc_runtime_SysCallback_abortFxn__C                             
0000a834  xdc_runtime_SysCallback_exitFxn__C                              
0000a838  xdc_runtime_System_Module__gateObj__C                           
0000a83c  xdc_runtime_System_abortFxn__C                                  
0000a840  xdc_runtime_System_exitFxn__C                                   
0000a844  xdc_runtime_System_maxAtexitHandlers__C                         
0000a848  xdc_runtime_Text_nameUnknown__C                                 
0000a84c  xdc_runtime_Memory_Module__id__C                                
0000a850  __TI_static_base__                                              
0000aab0  __TI_Handler_Table_Base                                         
0000aabc  __TI_Handler_Table_Limit                                        
0000aad0  __TI_CINIT_Base                                                 
0000aae8  __TI_CINIT_Limit                                                
20000000  __start___llvm_prf_cnts                                         
20000000  __stop___llvm_prf_cnts                                          
20000000  ti_sysbios_family_arm_m3_Hwi_ramVectors                         
20000140  _ftable                                                         
200002b8  ADC_time_channel                                                
20000338  ADC_time_channel_temp                                           
200003b8  ADC_timer_activation                                            
20000438  ti_sysbios_knl_Swi_Module_State_0_readyQ__A                     
200004b8  ti_sysbios_knl_Task_Module_State_0_readyQ__A                    
20000538  time_stopped                                                    
200005b8  adc_ch                                                          
20000634  _device                                                         
200006ac  ti_sysbios_gates_GateMutex_Object__table__V                     
20000700  _stream                                                         
20000750  ti_sysbios_knl_Task_Object__table__V                            
2000079c  ti_sysbios_family_arm_msp432_Timer_Object__table__V             
200007e0  ti_sysbios_knl_Task_Module__state__V                            
20000864  ti_sysbios_family_arm_m3_Hwi_Module__state__V                   
20000898  ti_sysbios_knl_Swi_Object__table__V                             
200008c8  TemperaturaActual                                               
200008cc  SetPoint                                                        
200008d0  toggle                                                          
200008d1  event                                                           
200008d2  FAN_LED_State                                                   
200008d4  input_port                                                      
200008d8  output_port                                                     
200008dc  fd_adc                                                          
200008e0  fd_ch_T                                                         
200008e4  fd_ch_H                                                         
200008e8  fd_uart                                                         
200008f4  ti_sysbios_knl_Clock_Module__state__V                           
20000920  gpio_global_irq_map                                             
20000948  gpio_global_pin_map                                             
20000970  ti_sysbios_BIOS_Module__state__V                                
200009b4  last_state                                                      
200009d4  ti_sysbios_family_arm_msp432_Timer_Module_State_0_device__A     
200009f4  time_paused_left                                                
20000a14  timer_units                                                     
20000a34  xdc_runtime_Error_IgnoreBlock                                   
20000a54  ti_sysbios_knl_Swi_Module__state__V                             
20000a70  adc                                                             
20000a74  ADC_global_irq_map                                              
20000a78  ADC_ch_actives                                                  
20000a7c  current_addr                                                    
20000a80  microseconds                                                    
20000a88  ti_sysbios_family_arm_m3_Hwi_Object__table__V                   
20000aa0  ti_sysbios_heaps_HeapMem_Object__table__V                       
20000ab8  files_active                                                    
20000acc  SysSTR                                                          
20000aec  __TI_ft_end                                                     
20000af0  __aeabi_stdin                                                   
20000af4  __aeabi_stdout                                                  
20000af8  __aeabi_stderr                                                  
20000afc  ti_sysbios_family_arm_msp432_Timer_Module_State_0_handles__A    
20000b0c  microsecs                                                       
20000b10  timer                                                           
20000b14  bandera_stop                                                    
20000b1c  __TI_cleanup_ptr                                                
20000b20  __TI_dtors_ptr                                                  
20000b24  __TI_enable_exit_profile_output                                 
20000b28  ti_sysbios_family_arm_msp432_Timer_Module__state__V             
20000b34  uart                                                            
20000b38  RX_interruption                                                 
20000b3e  ti_sysbios_family_arm_m3_Hwi_Module_State_0_excActive__A        
20000b40  _lock                                                           
20000b44  _unlock                                                         
20000b48  ti_sysbios_gates_GateHwi_Module__root__V                        
20000b50  ti_sysbios_gates_GateMutex_Module__root__V                      
20000b58  ti_sysbios_heaps_HeapMem_Module__root__V                        
20000b60  ti_sysbios_knl_Queue_Module__root__V                            
20000b68  ti_sysbios_knl_Semaphore_Module__root__V                        
20000b70  ti_sysbios_knl_Task_Module__root__V                             
20000b78  timer_activated                                                 
20000b80  xdc_runtime_Startup_Module__state__V                            
20000b88  xdc_runtime_System_Module_State_0_atexitHandlers__A             
20000b90  xdc_runtime_System_Module__state__V                             
20000bac  main_func_sp                                                    
20000bb0  ti_sysbios_family_arm_m3_Hwi_Module_State_0_excContext__A       
20000bb4  ti_sysbios_family_arm_m3_Hwi_Module_State_0_excStack__A         
20000bb8  ti_sysbios_gates_GateHwi_Object__table__V                       
20000bbc  ti_sysbios_knl_Task_Module_State_0_idleTask__A                  
20000bc0  ti_sysbios_rts_ti_ReentSupport_Module__state__V                 
20000bc4  xdc_runtime_Memory_Module__state__V                             
20001000  g_pfnRAMVectoring                                               
200010e8  __primary_heap_start__                                          
200050e8  __primary_heap_end__                                            
200050e8  ti_sysbios_knl_Task_Instance_State_0_stack__A                   
200052e8  ti_sysbios_family_arm_m3_Hwi_dispatchTable                      
20005428  __CIOBUF_                                                       
20005548  __TI_tmpnams                                                    
200055e8  state                                                           
20005628  parmbuf                                                         
20005630  delay                                                           
20005634  entradas_thread                                                 
20005638  heartbeat_thread                                                
2000563c  salidas_thread                                                  
20005640  ti_sysbios_knl_Task_Instance_State_0_hookEnv__A                 
20005644  EstadoEntradas                                                  
2000fc00  __stack                                                         
20010000  __STACK_END                                                     
4000480c  WDTCTL_SYM                                                      
e000e000  ti_sysbios_family_arm_m3_Hwi_nvic                               
ffffffff  __TI_pprof_out_hndl                                             
ffffffff  __TI_prof_data_size                                             
ffffffff  __TI_prof_data_start                                            
ffffffff  __binit__                                                       
ffffffff  __c_args__                                                      
ffffffff  binit                                                           
UNDEFED   SHT$$INIT_ARRAY$$Base                                           
UNDEFED   SHT$$INIT_ARRAY$$Limit                                          

[603 symbols]
